{
    "about_us": "Sobre Nosotros",
    "hello": "Hol√†"
}