{
    "about_us": "Ã€ propos de nous",
    "hello": "Bonjour"
}