{
    "languages": [
        "es_ES",
        "fr"
    ]
}