{
    "available_languages": [
        "es_ES",
        "fr"
    ]
}
